
[1m[46m RUN [49m[22m [36mv4.0.15 [39m[90mC:/Users/j_sco/projects/sections/Sections[39m

 [31mΓ¥»[39m src/features/knowledge-base/components/KnowledgeBaseDetail.test.tsx [2m([22m[2m2 tests[22m[2m | [22m[31m2 failed[39m[2m)[22m[32m 202[2mms[22m[39m
[31m     [31m├ù[31m renders and switches to JSON view showing full document[39m[32m 159[2mms[22m[39m
[31m     [31m├ù[31m syncs metadata to KB and sections to DB on save[39m[32m 42[2mms[22m[39m
node.exe : 
At line:1 char:1
+ & "C:\Program Files\nodejs/node.exe" 
"C:\Program Files\nodejs/node_mo ...
+ ~~~~~~~~~~~~~~~~~~~~~~~~~~~~~~~~~~~~~~~~~~~
~~~~~~~~~~~~~~~~~~~~~~~~~~
    + CategoryInfo          : NotSpecified:  
   (:String) [], RemoteException
    + FullyQualifiedErrorId : NativeCommandE 
   rror
 
[31mΓÄ»ΓÄ»ΓÄ»ΓÄ»ΓÄ»ΓÄ»ΓÄ»[39m[1m[41m 
Failed Tests 2 
[49m[22m[31mΓÄ»ΓÄ»ΓÄ»ΓÄ»ΓÄ»ΓÄ»ΓÄ»[39m

[41m[1m FAIL [22m[49m src/features/knowle
dge-base/components/KnowledgeBaseDetail.test.
tsx[2m > [22mKnowledgeBaseDetail JSON 
Sync[2m > [22mrenders and switches to JSON 
view showing full document
[31m[1mTypeError[22m: Cannot read 
properties of undefined (reading 'name')[39m
[36m [2mΓ¥»[22m src/features/knowledge-bas
e/components/KnowledgeBaseDetail.test.tsx:[2
m86:29[22m[39m
    [90m 84| [39m
    [90m 85| [39m        [90m// Should 
have metadata merged[39m
    [90m 86| [39m        [34mexpect[39m(j
son[33m.[39mprofile[33m.[39mname[33m.[3
9mfull)[33m.[39m[34mtoBe[39m([32m'Test 
User'[39m)[33m;[39m
    [90m   | [39m                          
  [31m^[39m
    [90m 87| [39m        [90m// Should 
have sections[39m
    [90m 88| [39m        [34mexpect[39m(j
son[33m.[39msections)[33m.[39m[34mtoHave
Length[39m([34m1[39m)[33m;[39m

[31m[2mΓÄ»ΓÄ»ΓÄ»ΓÄ»ΓÄ»ΓÄ»ΓÄ»ΓÄ»ΓÄ»ΓÄ»ΓÄ»ΓÄ»
ΓÄ»ΓÄ»ΓÄ»ΓÄ»ΓÄ»ΓÄ»ΓÄ»ΓÄ»ΓÄ»ΓÄ»ΓÄ»ΓÄ»[1/2]ΓÄ»
[22m[39m

[41m[1m FAIL [22m[49m src/features/knowle
dge-base/components/KnowledgeBaseDetail.test.
tsx[2m > [22mKnowledgeBaseDetail JSON 
Sync[2m > [22msyncs metadata to KB and 
sections to DB on save
[31m[1mTypeError[22m: Cannot read 
properties of undefined (reading 'name')[39m
[36m [2mΓ¥»[22m src/features/knowledge-bas
e/components/KnowledgeBaseDetail.test.tsx:[2
m105:29[22m[39m
    [90m103| [39m
    [90m104| [39m        [90m// Modify 
metadata[39m
    [90m105| [39m        existingVal[33m.
[39mprofile[33m.[39mname[33m.[39mfull 
[33m=[39m [32m"Updated 
User"[39m[33m;[39m
    [90m   | [39m                          
  [31m^[39m
    [90m106| [39m        [90m// Add a 
section[39m
    [90m107| [39m        existingVal[33m.
[39msections[33m.[39m[34mpush[39m({

[31m[2mΓÄ»ΓÄ»ΓÄ»ΓÄ»ΓÄ»ΓÄ»ΓÄ»ΓÄ»ΓÄ»ΓÄ»ΓÄ»ΓÄ»
ΓÄ»ΓÄ»ΓÄ»ΓÄ»ΓÄ»ΓÄ»ΓÄ»ΓÄ»ΓÄ»ΓÄ»ΓÄ»ΓÄ»[2/2]ΓÄ»
[22m[39m


[2m Test Files [22m [1m[31m1 failed[39m[22m[90m (1)[39m
[2m      Tests [22m [1m[31m2 failed[39m[22m[90m (2)[39m
[2m   Start at [22m 08:53:55
[2m   Duration [22m 2.15s[2m (transform 188ms, setup 150ms, import 518ms, tests 202ms, environment 1.03s)[22m

